  SceneManager.cpp
C:\Users\benso\Downloads\CS330Content29June\CS330Content\Projects\7-1_FinalProjectMilestones\Source\SceneManager.cpp(224,16): warning C4018: '<': signed/unsigned mismatch
C:\Users\benso\Downloads\CS330Content29June\CS330Content\Projects\7-1_FinalProjectMilestones\Source\SceneManager.cpp(404,27): warning C4305: '=': truncation from 'double' to 'float'
C:\Users\benso\Downloads\CS330Content29June\CS330Content\Projects\7-1_FinalProjectMilestones\Source\SceneManager.cpp(412,30): warning C4305: '=': truncation from 'double' to 'float'
C:\Users\benso\Downloads\CS330Content29June\CS330Content\Projects\7-1_FinalProjectMilestones\Source\SceneManager.cpp(420,27): warning C4305: '=': truncation from 'double' to 'float'
C:\Users\benso\Downloads\CS330Content29June\CS330Content\Projects\7-1_FinalProjectMilestones\Source\SceneManager.cpp(740,27): warning C4305: 'argument': truncation from 'double' to 'float'
C:\Users\benso\Downloads\CS330Content29June\CS330Content\Projects\7-1_FinalProjectMilestones\Source\SceneManager.cpp(740,22): warning C4305: 'argument': truncation from 'double' to 'float'
C:\Users\benso\Downloads\CS330Content29June\CS330Content\Projects\7-1_FinalProjectMilestones\Source\SceneManager.cpp(740,17): warning C4305: 'argument': truncation from 'double' to 'float'
C:\Users\benso\Downloads\CS330Content29June\CS330Content\Projects\7-1_FinalProjectMilestones\Source\SceneManager.cpp(802,27): warning C4305: 'argument': truncation from 'double' to 'float'
C:\Users\benso\Downloads\CS330Content29June\CS330Content\Projects\7-1_FinalProjectMilestones\Source\SceneManager.cpp(802,22): warning C4305: 'argument': truncation from 'double' to 'float'
C:\Users\benso\Downloads\CS330Content29June\CS330Content\Projects\7-1_FinalProjectMilestones\Source\SceneManager.cpp(802,17): warning C4305: 'argument': truncation from 'double' to 'float'
C:\Users\benso\Downloads\CS330Content29June\CS330Content\Projects\7-1_FinalProjectMilestones\Source\SceneManager.cpp(842,27): warning C4305: 'argument': truncation from 'double' to 'float'
C:\Users\benso\Downloads\CS330Content29June\CS330Content\Projects\7-1_FinalProjectMilestones\Source\SceneManager.cpp(842,22): warning C4305: 'argument': truncation from 'double' to 'float'
C:\Users\benso\Downloads\CS330Content29June\CS330Content\Projects\7-1_FinalProjectMilestones\Source\SceneManager.cpp(842,17): warning C4305: 'argument': truncation from 'double' to 'float'
C:\Users\benso\Downloads\CS330Content29June\CS330Content\Projects\7-1_FinalProjectMilestones\Source\SceneManager.cpp(1147,25): warning C4305: 'argument': truncation from 'double' to 'float'
C:\Users\benso\Downloads\CS330Content29June\CS330Content\Projects\7-1_FinalProjectMilestones\Source\SceneManager.cpp(1186,27): warning C4305: 'argument': truncation from 'double' to 'float'
C:\Users\benso\Downloads\CS330Content29June\CS330Content\Projects\7-1_FinalProjectMilestones\Source\SceneManager.cpp(1186,22): warning C4305: 'argument': truncation from 'double' to 'float'
C:\Users\benso\Downloads\CS330Content29June\CS330Content\Projects\7-1_FinalProjectMilestones\Source\SceneManager.cpp(1186,17): warning C4305: 'argument': truncation from 'double' to 'float'
C:\Users\benso\Downloads\CS330Content29June\CS330Content\Projects\7-1_FinalProjectMilestones\Source\SceneManager.cpp(1274,27): warning C4305: 'argument': truncation from 'double' to 'float'
C:\Users\benso\Downloads\CS330Content29June\CS330Content\Projects\7-1_FinalProjectMilestones\Source\SceneManager.cpp(1274,22): warning C4305: 'argument': truncation from 'double' to 'float'
C:\Users\benso\Downloads\CS330Content29June\CS330Content\Projects\7-1_FinalProjectMilestones\Source\SceneManager.cpp(1274,17): warning C4305: 'argument': truncation from 'double' to 'float'
C:\Users\benso\Downloads\CS330Content29June\CS330Content\Projects\7-1_FinalProjectMilestones\Source\SceneManager.cpp(1301,27): warning C4305: 'argument': truncation from 'double' to 'float'
C:\Users\benso\Downloads\CS330Content29June\CS330Content\Projects\7-1_FinalProjectMilestones\Source\SceneManager.cpp(1301,22): warning C4305: 'argument': truncation from 'double' to 'float'
C:\Users\benso\Downloads\CS330Content29June\CS330Content\Projects\7-1_FinalProjectMilestones\Source\SceneManager.cpp(1301,17): warning C4305: 'argument': truncation from 'double' to 'float'
  7-1_FinalProjectMilestones.vcxproj -> C:\Users\benso\Downloads\CS330Content29June\CS330Content\Projects\7-1_FinalProjectMilestones\Debug\7-1_FinalProjectMilestones.exe
